[backblue.gif]
[fade.gif]
[index.html]
[hydroclimatol.com/wp-json/oembed/1.0/embedbfdc.json]
[hydroclimatol.com/feed/index.html]
[hydroclimatol.com/wp-json/oembed/1.0/embed5f8f]
[hydroclimatol.com/comments/feed/index.html]
[hydroclimatol.com/wp-json/index.html]
[hydroclimatol.com/wp-json/wp/v2/pages/2.json]
[hydroclimatol.com/xmlrpc0db0.php]
[hydroclimatol.com/index.html]
[hydroclimatol.com/wp-content/themes/astra/assets/css/minified/main.minf11d.css]
[hydroclimatol.com/wp-content/themes/astra/assets/css/minified/menu-animation.minf11d.css]
[hydroclimatol.com/wp-content/plugins/elementor/assets/lib/eicons/fonts/eiconsa9b1.eot]
[hydroclimatol.com/wp-content/plugins/elementor/assets/lib/eicons/fonts/eiconsa9b1.woff2]
[hydroclimatol.com/wp-content/plugins/elementor/assets/lib/eicons/fonts/eiconsa9b1.woff]
[hydroclimatol.com/wp-content/plugins/elementor/assets/lib/eicons/fonts/eiconsa9b1.ttf]
[hydroclimatol.com/wp-content/plugins/elementor/assets/lib/eicons/css/elementor-icons.mina862.css]
[hydroclimatol.com/wp-content/plugins/elementor/assets/css/frontend.min4189.css]
[hydroclimatol.com/wp-content/uploads/elementor/css/post-1399c356.css]
[hydroclimatol.com/wp-content/plugins/elementor/assets/lib/font-awesome/webfonts/fa-brands-400.eot]
[hydroclimatol.com/wp-content/plugins/elementor/assets/lib/font-awesome/webfonts/fa-brands-400d41d.eot]
[hydroclimatol.com/wp-content/plugins/elementor/assets/lib/font-awesome/webfonts/fa-brands-400.woff2]
[hydroclimatol.com/wp-content/plugins/elementor/assets/lib/font-awesome/webfonts/fa-brands-400.woff]
[hydroclimatol.com/wp-content/plugins/elementor/assets/lib/font-awesome/webfonts/fa-brands-400.ttf]
[hydroclimatol.com/wp-content/plugins/elementor/assets/lib/font-awesome/webfonts/fa-regular-400.eot]
[hydroclimatol.com/wp-content/plugins/elementor/assets/lib/font-awesome/webfonts/fa-regular-400d41d.eot]
[hydroclimatol.com/wp-content/plugins/elementor/assets/lib/font-awesome/webfonts/fa-regular-400.woff2]
[hydroclimatol.com/wp-content/plugins/elementor/assets/lib/font-awesome/webfonts/fa-regular-400.woff]
[hydroclimatol.com/wp-content/plugins/elementor/assets/lib/font-awesome/webfonts/fa-regular-400.ttf]
[hydroclimatol.com/wp-content/plugins/elementor/assets/lib/font-awesome/webfonts/fa-solid-900.eot]
[hydroclimatol.com/wp-content/plugins/elementor/assets/lib/font-awesome/webfonts/fa-solid-900d41d.eot]
[hydroclimatol.com/wp-content/plugins/elementor/assets/lib/font-awesome/webfonts/fa-solid-900.woff2]
[hydroclimatol.com/wp-content/plugins/elementor/assets/lib/font-awesome/webfonts/fa-solid-900.woff]
[hydroclimatol.com/wp-content/plugins/elementor/assets/lib/font-awesome/webfonts/fa-solid-900.ttf]
[hydroclimatol.com/wp-content/plugins/elementor/assets/lib/font-awesome/css/all.min4189.css]
[hydroclimatol.com/wp-content/plugins/elementor/assets/lib/font-awesome/css/v4-shims.min4189.css]
[hydroclimatol.com/wp-content/plugins/elementor/assets/lib/animations/styles/fadeInUp.min4189.css]
[hydroclimatol.com/wp-content/plugins/elementor/assets/css/widget-heading.min4189.css]
[hydroclimatol.com/wp-content/plugins/elementor/assets/lib/animations/styles/fadeIn.min4189.css]
[hydroclimatol.com/wp-content/uploads/2026/01/pexels-photo-3934023-3934023-2048x1365-1-e1772173814941.jpg]
[hydroclimatol.com/wp-content/uploads/elementor/css/post-249ed.css]
[hydroclimatol.com/wp-content/plugins/elementor/assets/lib/font-awesome/css/fontawesome.min52d5.css]
[hydroclimatol.com/wp-content/plugins/elementor/assets/lib/font-awesome/css/regular.min52d5.css]
[hydroclimatol.com/wp-content/plugins/elementor/assets/lib/font-awesome/js/v4-shims.min4189.js]
[hydroclimatol.com/wp-includes/js/jquery/jquery.minf43b.js]
[hydroclimatol.com/wp-includes/js/jquery/jquery-migrate.min5589.js]
[hydroclimatol.com/wp-json/oembed/1.0/embedb606.json]
[hydroclimatol.com/wp-json/oembed/1.0/embedeef7]
[hydroclimatol.com/wp-json/wp/v2/pages/19.json]
[hydroclimatol.com/wp-content/uploads/2026/01/단체-1-scaled-1-1024x768.jpeg]
[hydroclimatol.com/wp-content/uploads/2026/01/단체-1-scaled-1-300x225.jpeg]
[hydroclimatol.com/wp-content/uploads/2026/01/단체-1-scaled-1-768x576.jpeg]
[hydroclimatol.com/wp-content/uploads/2026/01/단체-1-scaled-1-1536x1152.jpeg]
[hydroclimatol.com/wp-content/uploads/2026/01/단체-1-scaled-1-2048x1536.jpeg]
[hydroclimatol.com/wp-content/uploads/2026/01/기후변화이미지-2048x1855.jpg]
[hydroclimatol.com/wp-content/uploads/2026/01/기후변화이미지-300x272.jpg]
[hydroclimatol.com/wp-content/uploads/2026/01/기후변화이미지-1024x927.jpg]
[hydroclimatol.com/wp-content/uploads/2026/01/기후변화이미지-768x695.jpg]
[hydroclimatol.com/wp-content/uploads/2026/01/기후변화이미지-1536x1391.jpg]
[hydroclimatol.com/wp-content/uploads/2026/01/기후변화2-2048x1963.png]
[hydroclimatol.com/wp-content/uploads/2026/01/기후변화2-300x288.png]
[hydroclimatol.com/wp-content/uploads/2026/01/기후변화2-1024x981.png]
[hydroclimatol.com/wp-content/uploads/2026/01/기후변화2-768x736.png]
[hydroclimatol.com/wp-content/uploads/2026/01/기후변화2-1536x1472.png]
[hydroclimatol.com/wp-content/uploads/2026/01/기후변화찐3.jpg]
[hydroclimatol.com/wp-content/uploads/2026/01/기후변화찐3-300x220.jpg]
[hydroclimatol.com/wp-content/uploads/2026/01/기후변화찐3-768x562.jpg]
[hydroclimatol.com/wp-content/uploads/2026/01/기4-2048x1855.jpg]
[hydroclimatol.com/wp-content/uploads/2026/01/기4-300x272.jpg]
[hydroclimatol.com/wp-content/uploads/2026/01/기4-1024x927.jpg]
[hydroclimatol.com/wp-content/uploads/2026/01/기4-768x695.jpg]
[hydroclimatol.com/wp-content/uploads/2026/01/기4-1536x1391.jpg]
[hydroclimatol.com/wp-content/uploads/2026/01/기6.jpg]
[hydroclimatol.com/wp-content/uploads/2026/01/기6-300x212.jpg]
[hydroclimatol.com/wp-content/uploads/2026/01/기5.jpg]
[hydroclimatol.com/about-us/index.html]
[hydroclimatol.com/wp-content/uploads/2026/01/기5-226x300.jpg]
[hydroclimatol.com/wp-json/oembed/1.0/embed2016.json]
[hydroclimatol.com/wp-json/oembed/1.0/embedfc89]
[hydroclimatol.com/wp-json/wp/v2/pages/3350.json]
[hydroclimatol.com/wp-content/uploads/2026/01/교수님-학회-사진-자른거-e1773143125259.png]
[hydroclimatol.com/wp-content/uploads/2026/01/교수님-학회-사진-자른거-e1773143125259-248x300.png]
[hydroclimatol.com/leading-investigator/index.html]
[hydroclimatol.com/wp-json/oembed/1.0/embed4a38.json]
[hydroclimatol.com/wp-json/oembed/1.0/embedee35]
[hydroclimatol.com/wp-json/wp/v2/pages/3352.json]
[hydroclimatol.com/wp-content/uploads/2026/01/Seoungcheol-Lee-Image-753x1024.jpg]
[hydroclimatol.com/wp-content/uploads/2026/01/Seoungcheol-Lee-Image-221x300.jpg]
[hydroclimatol.com/wp-content/uploads/2026/01/Seoungcheol-Lee-Image-768x1045.jpg]
[hydroclimatol.com/wp-content/uploads/2026/01/Seoungcheol-Lee-Image.jpg]
[hydroclimatol.com/wp-content/uploads/2026/02/조나스.jpg]
[hydroclimatol.com/wp-content/uploads/2026/02/조나스-233x300.jpg]
[hydroclimatol.com/wp-content/plugins/elementor/assets/images/placeholder.png]
[hydroclimatol.com/wp-content/uploads/2026/01/Malcom-Lee-Image-scaled-1-796x1024.jpg]
[hydroclimatol.com/wp-content/uploads/2026/01/Malcom-Lee-Image-scaled-1-233x300.jpg]
[hydroclimatol.com/wp-content/uploads/2026/01/Malcom-Lee-Image-scaled-1-768x987.jpg]
[hydroclimatol.com/wp-content/uploads/2026/01/Malcom-Lee-Image-scaled-1-1195x1536.jpg]
[hydroclimatol.com/wp-content/uploads/2026/01/Malcom-Lee-Image-scaled-1-1593x2048.jpg]
[hydroclimatol.com/wp-content/uploads/2026/01/Malcom-Lee-Image-scaled-1.jpg]
[hydroclimatol.com/wp-content/uploads/2026/01/Reza-Image.jpg]
[hydroclimatol.com/wp-content/uploads/2026/01/Reza-Image-263x300.jpg]
[hydroclimatol.com/wp-content/uploads/2026/01/Eunji-Kim_Profile-Image.jpg]
[hydroclimatol.com/wp-content/uploads/2026/01/Eunji-Kim_Profile-Image-233x300.jpg]
[hydroclimatol.com/members/index.html]
[hydroclimatol.com/wp-json/oembed/1.0/embed85fe.json]
[hydroclimatol.com/wp-json/oembed/1.0/embed65e6]
[hydroclimatol.com/publications/index.html]
[hydroclimatol.com/wp-json/wp/v2/pages/3353.json]
[hydroclimatol.com/wp-json/oembed/1.0/embed3d56.json]
[hydroclimatol.com/wp-json/oembed/1.0/embeda1e2]
[hydroclimatol.com/peer-reviewed-journal-articles/index.html]
[hydroclimatol.com/wp-json/wp/v2/pages/3354.json]
[hydroclimatol.com/wp-json/oembed/1.0/embedf176.json]
[hydroclimatol.com/wp-json/oembed/1.0/embed8239]
[hydroclimatol.com/book-chapters/index.html]
[hydroclimatol.com/wp-json/wp/v2/pages/3355.json]
[hydroclimatol.com/wp-json/oembed/1.0/embed1c9f.json]
[hydroclimatol.com/wp-json/oembed/1.0/embed6618]
[hydroclimatol.com/wp-json/wp/v2/pages/3356.json]
[hydroclimatol.com/technical-reports/index.html]
[hydroclimatol.com/wp-json/oembed/1.0/embed0c10.json]
[hydroclimatol.com/wp-json/oembed/1.0/embeddeb7]
[hydroclimatol.com/conference-presentations-selected/index.html]
[hydroclimatol.com/wp-json/wp/v2/pages/3357.json]
[hydroclimatol.com/wp-json/oembed/1.0/embed4297.json]
[hydroclimatol.com/wp-json/oembed/1.0/embed5680]
[hydroclimatol.com/projects/index.html]
[hydroclimatol.com/wp-json/wp/v2/pages/3358.json]
[hydroclimatol.com/wp-json/oembed/1.0/embed9059.json]
[hydroclimatol.com/wp-json/oembed/1.0/embed70fe]
[hydroclimatol.com/wp-json/wp/v2/pages/3359.json]
[hydroclimatol.com/wp-content/uploads/2026/05/KakaoTalk_20260519_155000412-scaled-e1779173495154.jpg]
[hydroclimatol.com/wp-content/uploads/2026/02/Seungcheol-Lee-Received-the-Best-Paper-Award-at-the-2025-Korean-Water-Resources-Association-KWRA-Conference-scaled.jpg]
[hydroclimatol.com/wp-content/uploads/2026/02/APEC-Seminar-2_2024.04.24.jpg]
[hydroclimatol.com/wp-content/uploads/2026/02/First-page-of-Seoungcheol-Lees-MS-presentation-scaled.jpg]
[hydroclimatol.com/wp-content/uploads/2026/02/First-page-of-Eunji-Kims-MS-presentation-scaled.jpg]
[hydroclimatol.com/wp-content/uploads/2026/02/First-page-of-Seokwoos-MS-presentation-image-scaled.jpg]
[hydroclimatol.com/notice/index.html]
[hydroclimatol.com/wp-json/oembed/1.0/embed813c.json]
[hydroclimatol.com/wp-json/oembed/1.0/embed6002]
[hydroclimatol.com/contact/index.html]
[hydroclimatol.com/wp-content/themes/astra/assets/js/minified/frontend.minf11d.js]
[hydroclimatol.com/wp-content/plugins/elementor/assets/js/webpack.runtime.min4189.js]
[hydroclimatol.com/wp-content/plugins/elementor/assets/js/frontend-modules.min4189.js]
[hydroclimatol.com/wp-includes/js/jquery/ui/core.min0a10.js]
[hydroclimatol.com/wp-content/plugins/elementor/assets/js/frontend.min4189.js]
[hydroclimatol.com/wp-content/plugins/elementor/assets/lib/eicons/fonts/eiconsa9b1.svg]
[hydroclimatol.com/wp-content/plugins/elementor/assets/lib/font-awesome/webfonts/fa-brands-400.svg]
[hydroclimatol.com/wp-content/plugins/elementor/assets/lib/font-awesome/webfonts/fa-regular-400.svg]
[hydroclimatol.com/wp-content/plugins/elementor/assets/lib/font-awesome/webfonts/fa-solid-900.svg]
[hydroclimatol.com/wp-content/plugins/elementor/assets/css/widget-spacer.min4189.css]
[hydroclimatol.com/wp-content/plugins/elementor/assets/css/widget-image.min4189.css]
[hydroclimatol.com/wp-content/uploads/elementor/css/post-19fb20.css]
[hydroclimatol.com/index5831.html]
[hydroclimatol.com/wp-content/plugins/elementor/assets/css/widget-divider.min4189.css]
[hydroclimatol.com/wp-content/plugins/elementor/assets/css/widget-icon-list.min4189.css]
[hydroclimatol.com/wp-content/uploads/elementor/css/post-3350ac0c.css]
[hydroclimatol.com/index70b5.html]
[hydroclimatol.com/wp-content/uploads/elementor/css/post-33525d8d.css]
[hydroclimatol.com/indexc1ae.html]
[hydroclimatol.com/members/charlsonlee2@gmail.com.html]
[hydroclimatol.com/members/siohy11@junu.ac.kr.html]
[hydroclimatol.com/members/rldustjr1@jbnu.ac.kr.html]
[hydroclimatol.com/wp-content/uploads/elementor/css/post-3353902c.css]
[hydroclimatol.com/index516c.html]
[hydroclimatol.com/wp-content/uploads/elementor/css/post-335402c6.css]
[hydroclimatol.com/index21b3.html]
[hydroclimatol.com/wp-content/uploads/elementor/css/post-335506da.css]
[hydroclimatol.com/indexb9d4.html]
[hydroclimatol.com/wp-content/uploads/elementor/css/post-33569921.css]
[hydroclimatol.com/indexadf1.html]
[hydroclimatol.com/wp-content/uploads/elementor/css/post-33579fa6.css]
[hydroclimatol.com/index7239.html]
[hydroclimatol.com/wp-content/uploads/elementor/css/post-3358b617.css]
[hydroclimatol.com/index0911.html]
[hydroclimatol.com/wp-content/uploads/elementor/css/post-3359f9cd.css]
[hydroclimatol.com/indexef8d.html]
[hydroclimatol.com/사진-6/index.html]
[hydroclimatol.com/사진-5/index.html]
[hydroclimatol.com/wp-json/wp/v2/pages/25.json]
[hydroclimatol.com/사진-4/index.html]
[hydroclimatol.com/사진-3/index.html]
[hydroclimatol.com/사진-2/index.html]
[hydroclimatol.com/사진-1/index.html]
[hydroclimatol.com/wp-content/plugins/elementor/assets/css/widget-google_maps.min4189.css]
[hydroclimatol.com/wp-content/uploads/elementor/css/post-2549ed.css]
[hydroclimatol.com/wp-content/plugins/elementor/assets/lib/font-awesome/css/solid.min52d5.css]
[hydroclimatol.com/index970c.html]
[hydroclimatol.com/notice/사진-6/index.html]
[hydroclimatol.com/notice/사진-5/index.html]
[hydroclimatol.com/notice/사진-4/index.html]
[hydroclimatol.com/notice/사진-3/index.html]
[hydroclimatol.com/notice/사진-2/index.html]
[hydroclimatol.com/notice/사진-1/index.html]
